>ERS325326_00001.p01
MPEVTPFQVLIVDDHPLMRRGIRQLLELDPAFYVVAEAGDGASAIDLANRIEPDLILLDL
NMKGLSGLDTLNALRRDGVTAQIIILTVSDSASDIYALIDAGADGYLLKDSDPEVLLEAI
RKGANGGKVFSDRVNEYLRERERFGAQEDPFSILTERELDVLHELAQGLSNKQIASVLNI
SEQTVKVHIRNLLRKLNVRSRVAATILFLQTRGMQ*
>ERS325326_00003.p01
VISLEDASLTKKGIVKLSSATDSDSEALAATPKAVKTVMGEVRTKAPLDSPAFTGTPTTP
TPPGDAKGLQTTNAEFVRKLIAALVGSVLEPLDTLQELADALGNDPNFATTVLNKLAGKQ
PLDETLTALSGKSVDGLIEYVGLRETISRAADALQKSQNGGDIPDKDLFVRRIGAARAFD
GAVIIGCDDNPWTTAEFIVWLESQGAFNHPYWMCRGSWSYAYNKIITDTGCGNICLAGAV
IEVMGVRGAMTIRVTTSHSVSGW*
>ERS325326_00004.p01
MPFHIGSGCLPATISNRRIYRIAWSDTPPEMSSWEKMKEFFCSTHQTEALECIWTICHPP
AGTTREDVINRFELLRTLAYAGWEESIHSGQHGENYFCILDEDSQEILSVTLDDAGNYTV
NCQGYSETHRLTLDTAQGEEGTGHAEGASGTFRTSFLPATTAPQTPAEYDAVWSAWRRAA
PAEESRGRAAAVQKMRACLNNGNAVLNVGESGLTTLPDCLPAHITTLVIPDNNLTSLPAL
PPELRTLEVSGNQLTSLPVLPPGLLELSIFSNPLTHLPALPSGLCKLWIFGNQLTSLPVL
PPGLQELSVSDNQLASLPALPSELCKLWAYNNQLTSLPTLPSGLQELSVSDNQLASLPTL
PSELYKLWAYNNRLTSLPALPSGLKELIVSGNRLTSLPVLPSELKELMVSGNRLTSLPML
PSGLLSLSVYRNQLTRLPESLIHLSSETTVNLEGNPLSERTLQALREITSAPGYSGPIIR
FDMAGASAPRETRALHLAAADWLVPAREGEPAPADRWHMFGQEDNADAFSLFLDRLSETE
NFIKDAGFKAQISSWLAQLAEDEALRANTFAMATEATSSCEDRVTFFLHQMKNVQLVHNA
EKGQYDNDLAALVATGREMFRLGKLEQIAREKVRTLALVDEIEVWLAYQNKLKKSLGLTS
VTSEMRFFDVSGVTVTDLQDAELQVKAAEKSEFREWILQWGPLHRVLERKAPKRVNALRE
KQISDYEETYRMLSDTELRPSGLVGNTDAERTIGARAMESAKKTFLDGLRPLVEEMLGSY
LNVQWRRN*
